// Jest Snapshot v1, https://goo.gl/fbAQLP

exports[`Terminal rendering render with props 1`] = `
<Col
  bsClass="col"
  componentClass="div"
  sm={12}
>
  <div
    className="terminal"
    onScroll={[Function]}
  >
    <Grid
      bsClass="container"
      componentClass="div"
      fluid={true}
    >
      <Row
        bsClass="row"
        componentClass="div"
      >
        <Col
          bsClass="col"
          componentClass="div"
          sm={12}
        >
          <p
            key="0"
          >
            Generating...
          </p>
          <p
            key="1"
          >
            Hosts: 1000
          </p>
          <p
            key="2"
          >
            writing host 1/1000
          </p>
          <p
            key="3"
          >
            writing host 2/1000
          </p>
          <Spinner
            className=""
            inline={true}
            inverse={true}
            loading={true}
            size="xs"
          />
        </Col>
      </Row>
    </Grid>
  </div>
</Col>
`;

exports[`Terminal rendering render without Props 1`] = `
<Col
  bsClass="col"
  componentClass="div"
  sm={12}
>
  <div
    className="terminal"
    onScroll={[Function]}
  >
    <Grid
      bsClass="container"
      componentClass="div"
      fluid={true}
    >
      <Row
        bsClass="row"
        componentClass="div"
      >
        <Col
          bsClass="col"
          componentClass="div"
          sm={12}
        >
          <p />
          <Spinner
            className=""
            inline={true}
            inverse={true}
            loading={false}
            size="xs"
          />
        </Col>
      </Row>
    </Grid>
  </div>
</Col>
`;
