// Jest Snapshot v1, https://goo.gl/fbAQLP

exports[`TabContainer rendering render without Props 1`] = `
<div
  className=""
>
  <Grid
    bsClass="container"
    componentClass="div"
    fluid={false}
  >
    <Col
      bsClass="col"
      componentClass="div"
    />
  </Grid>
</div>
`;
