// Jest Snapshot v1, https://goo.gl/fbAQLP

exports[`FullScreenModal rendering render without Props 1`] = `
<Modal
  animation={true}
  autoFocus={true}
  backdrop={true}
  bsClass="modal"
  dialogComponentClass={[Function]}
  enforceFocus={true}
  keyboard={true}
  manager={
    ModalManager {
      "add": [Function],
      "containers": Array [],
      "data": Array [],
      "handleContainerOverflow": true,
      "hideSiblingNodes": true,
      "isTopModal": [Function],
      "modals": Array [],
      "remove": [Function],
    }
  }
  onHide={[Function]}
  renderBackdrop={[Function]}
  restoreFocus={true}
  show={false}
>
  <ModalHeader
    bsClass="modal-header"
    closeButton={false}
    closeLabel="Close"
  >
    <button
      aria-hidden="true"
      aria-label="Close"
      className="close"
      onClick={[Function]}
    >
      <Icon
        name="close"
        type="pf"
      />
    </button>
    <ModalTitle
      bsClass="modal-title"
      componentClass="h4"
    >
      Full Screen
    </ModalTitle>
  </ModalHeader>
  <ModalBody
    bsClass="modal-body"
    componentClass="div"
  >
    <Terminal
      autoScroll={false}
      error={null}
      exitCode=""
      logs={null}
    />
  </ModalBody>
</Modal>
`;
