// Jest Snapshot v1, https://goo.gl/fbAQLP

exports[`AccountList rendering render with props 1`] = `
<ListView
  className="account_list"
>
  <ListItem
    account={
      Object {
        "generate_report_status": "running",
        "label": "test_org1",
        "upload_report_status": "running",
      }
    }
    accountID="Account1"
    initExpanded={true}
    key="0"
  />
  <ListItem
    account={
      Object {
        "generate_report_status": "failure",
        "label": "test_org2",
        "upload_report_status": "unknown",
      }
    }
    accountID="Account2"
    initExpanded={false}
    key="1"
  />
  <ListItem
    account={
      Object {
        "generate_report_status": "running",
        "label": "test_org3",
        "upload_report_status": "success",
      }
    }
    accountID="Account3"
    initExpanded={false}
    key="2"
  />
</ListView>
`;
