// Jest Snapshot v1, https://goo.gl/fbAQLP

exports[`AccountList selectors should return AccountList accounts 1`] = `
Object {
  "Account1": Object {
    "generate_report_status": "running",
    "label": "test_org1",
    "upload_report_status": "running",
  },
  "Account2": Object {
    "generate_report_status": "failure",
    "label": "test_org2",
    "upload_report_status": "unknown",
  },
  "Account3": Object {
    "generate_report_status": "running",
    "label": "test_org3",
    "upload_report_status": "success",
  },
}
`;

exports[`AccountList selectors should return AccountList autoUploadEnabled 1`] = `true`;

exports[`AccountList selectors should return AccountList pollingProcessID 1`] = `0`;

exports[`AccountList selectors should return AccountsList 1`] = `
Object {
  "accounts": Object {
    "Account1": Object {
      "generate_report_status": "running",
      "label": "test_org1",
      "upload_report_status": "running",
    },
    "Account2": Object {
      "generate_report_status": "failure",
      "label": "test_org2",
      "upload_report_status": "unknown",
    },
    "Account3": Object {
      "generate_report_status": "running",
      "label": "test_org3",
      "upload_report_status": "success",
    },
  },
  "autoUploadEnabled": true,
  "pollingProcessID": 0,
}
`;
